(atom . true)
(atom . false)
(atom . false)
(atom . true)
(atom . false)
(atom . true)
(atom . false)
